// Jest Snapshot v1, https://goo.gl/fbAQLP

exports[`renamed-file parse \`renamed-file\` 1`] = `
{
  "files": [
    {
      "chunks": [],
      "pathAfter": "rename.md",
      "pathBefore": "newfile.md",
      "type": "RenamedFile",
    },
  ],
  "type": "GitDiff",
}
`;
